// Jest Snapshot v1, https://goo.gl/fbAQLP

exports[`Card-list element: should create list with items 1`] = `<div />`;
